Archive member included to satisfy reference by file (symbol)

d:/microchip/7.0/toolchain/avr8/avr8-gnu-toolchain/bin/../lib/gcc/avr/5.4.0/../../../../avr/lib/avr5\libm.a(cmpsf2.o)
                              APP/_7Seg_HW.o (__ltsf2)
d:/microchip/7.0/toolchain/avr8/avr8-gnu-toolchain/bin/../lib/gcc/avr/5.4.0/../../../../avr/lib/avr5\libm.a(divsf3.o)
                              HAL/LCD/Lcd.o (__divsf3)
d:/microchip/7.0/toolchain/avr8/avr8-gnu-toolchain/bin/../lib/gcc/avr/5.4.0/../../../../avr/lib/avr5\libm.a(divsf3x.o)
                              d:/microchip/7.0/toolchain/avr8/avr8-gnu-toolchain/bin/../lib/gcc/avr/5.4.0/../../../../avr/lib/avr5\libm.a(divsf3.o) (__divsf3x)
d:/microchip/7.0/toolchain/avr8/avr8-gnu-toolchain/bin/../lib/gcc/avr/5.4.0/../../../../avr/lib/avr5\libm.a(fixunssfsi.o)
                              APP/_7Seg_HW.o (__fixunssfsi)
d:/microchip/7.0/toolchain/avr8/avr8-gnu-toolchain/bin/../lib/gcc/avr/5.4.0/../../../../avr/lib/avr5\libm.a(floatsisf.o)
                              MCAL/Timer1/timer1.o (__floatunsisf)
d:/microchip/7.0/toolchain/avr8/avr8-gnu-toolchain/bin/../lib/gcc/avr/5.4.0/../../../../avr/lib/avr5\libm.a(fp_cmp.o)
                              d:/microchip/7.0/toolchain/avr8/avr8-gnu-toolchain/bin/../lib/gcc/avr/5.4.0/../../../../avr/lib/avr5\libm.a(cmpsf2.o) (__fp_cmp)
d:/microchip/7.0/toolchain/avr8/avr8-gnu-toolchain/bin/../lib/gcc/avr/5.4.0/../../../../avr/lib/avr5\libm.a(fp_inf.o)
                              d:/microchip/7.0/toolchain/avr8/avr8-gnu-toolchain/bin/../lib/gcc/avr/5.4.0/../../../../avr/lib/avr5\libm.a(divsf3x.o) (__fp_inf)
d:/microchip/7.0/toolchain/avr8/avr8-gnu-toolchain/bin/../lib/gcc/avr/5.4.0/../../../../avr/lib/avr5\libm.a(fp_nan.o)
                              d:/microchip/7.0/toolchain/avr8/avr8-gnu-toolchain/bin/../lib/gcc/avr/5.4.0/../../../../avr/lib/avr5\libm.a(divsf3x.o) (__fp_nan)
d:/microchip/7.0/toolchain/avr8/avr8-gnu-toolchain/bin/../lib/gcc/avr/5.4.0/../../../../avr/lib/avr5\libm.a(fp_pscA.o)
                              d:/microchip/7.0/toolchain/avr8/avr8-gnu-toolchain/bin/../lib/gcc/avr/5.4.0/../../../../avr/lib/avr5\libm.a(divsf3x.o) (__fp_pscA)
d:/microchip/7.0/toolchain/avr8/avr8-gnu-toolchain/bin/../lib/gcc/avr/5.4.0/../../../../avr/lib/avr5\libm.a(fp_pscB.o)
                              d:/microchip/7.0/toolchain/avr8/avr8-gnu-toolchain/bin/../lib/gcc/avr/5.4.0/../../../../avr/lib/avr5\libm.a(divsf3x.o) (__fp_pscB)
d:/microchip/7.0/toolchain/avr8/avr8-gnu-toolchain/bin/../lib/gcc/avr/5.4.0/../../../../avr/lib/avr5\libm.a(fp_round.o)
                              d:/microchip/7.0/toolchain/avr8/avr8-gnu-toolchain/bin/../lib/gcc/avr/5.4.0/../../../../avr/lib/avr5\libm.a(divsf3.o) (__fp_round)
d:/microchip/7.0/toolchain/avr8/avr8-gnu-toolchain/bin/../lib/gcc/avr/5.4.0/../../../../avr/lib/avr5\libm.a(fp_split3.o)
                              d:/microchip/7.0/toolchain/avr8/avr8-gnu-toolchain/bin/../lib/gcc/avr/5.4.0/../../../../avr/lib/avr5\libm.a(divsf3x.o) (__fp_split3)
d:/microchip/7.0/toolchain/avr8/avr8-gnu-toolchain/bin/../lib/gcc/avr/5.4.0/../../../../avr/lib/avr5\libm.a(fp_zero.o)
                              d:/microchip/7.0/toolchain/avr8/avr8-gnu-toolchain/bin/../lib/gcc/avr/5.4.0/../../../../avr/lib/avr5\libm.a(fixunssfsi.o) (__fp_zero)
d:/microchip/7.0/toolchain/avr8/avr8-gnu-toolchain/bin/../lib/gcc/avr/5.4.0/../../../../avr/lib/avr5\libm.a(gesf2.o)
                              APP/_7Seg_HW.o (__gtsf2)
d:/microchip/7.0/toolchain/avr8/avr8-gnu-toolchain/bin/../lib/gcc/avr/5.4.0/../../../../avr/lib/avr5\libm.a(mulsf3.o)
                              APP/_7Seg_HW.o (__mulsf3)
d:/microchip/7.0/toolchain/avr8/avr8-gnu-toolchain/bin/../lib/gcc/avr/5.4.0/../../../../avr/lib/avr5\libm.a(mulsf3x.o)
                              d:/microchip/7.0/toolchain/avr8/avr8-gnu-toolchain/bin/../lib/gcc/avr/5.4.0/../../../../avr/lib/avr5\libm.a(mulsf3.o) (__mulsf3x)
d:/microchip/7.0/toolchain/avr8/avr8-gnu-toolchain/bin/../lib/gcc/avr/5.4.0/avr5\libgcc.a(_udivmodhi4.o)
                              HAL/LCD/Lcd.o (__udivmodhi4)
d:/microchip/7.0/toolchain/avr8/avr8-gnu-toolchain/bin/../lib/gcc/avr/5.4.0/avr5\libgcc.a(_udivmodsi4.o)
                              MCAL/Timer1/timer1.o (__udivmodsi4)
d:/microchip/7.0/toolchain/avr8/avr8-gnu-toolchain/bin/../lib/gcc/avr/5.4.0/avr5\libgcc.a(_exit.o)
                              D:/microchip/7.0/Packs/atmel/ATmega_DFP/1.7.374/gcc/dev/atmega32/avr5/crtatmega32.o (exit)
d:/microchip/7.0/toolchain/avr8/avr8-gnu-toolchain/bin/../lib/gcc/avr/5.4.0/avr5\libgcc.a(_tablejump2.o)
                              HAL/SevenSegment/SevenSegment.o (__tablejump2__)
d:/microchip/7.0/toolchain/avr8/avr8-gnu-toolchain/bin/../lib/gcc/avr/5.4.0/avr5\libgcc.a(_copy_data.o)
                              HAL/KeyPad/KeyPad.o (__do_copy_data)
d:/microchip/7.0/toolchain/avr8/avr8-gnu-toolchain/bin/../lib/gcc/avr/5.4.0/avr5\libgcc.a(_clear_bss.o)
                              MCAL/Exti0/Exti0.o (__do_clear_bss)
d:/microchip/7.0/toolchain/avr8/avr8-gnu-toolchain/bin/../lib/gcc/avr/5.4.0/avr5\libgcc.a(_umulhisi3.o)
                              HAL/LCD/Lcd.o (__umulhisi3)

Allocating common symbols
Common symbol       size              file

tx_buffer           0x32              MCAL/uart/uart.o

Discarded input sections

 .data          0x00000000        0x0 D:/microchip/7.0/Packs/atmel/ATmega_DFP/1.7.374/gcc/dev/atmega32/avr5/crtatmega32.o
 .bss           0x00000000        0x0 D:/microchip/7.0/Packs/atmel/ATmega_DFP/1.7.374/gcc/dev/atmega32/avr5/crtatmega32.o
 .text          0x00000000        0x0 APP/Adc_main.o
 .data          0x00000000        0x0 APP/Adc_main.o
 .bss           0x00000000        0x0 APP/Adc_main.o
 .debug_line    0x00000000        0x0 APP/Adc_main.o
 .debug_str     0x00000000      0x114 APP/Adc_main.o
 .comment       0x00000000       0x31 APP/Adc_main.o
 .text          0x00000000        0x0 APP/AppTestBuzzer.o
 .data          0x00000000        0x0 APP/AppTestBuzzer.o
 .bss           0x00000000        0x0 APP/AppTestBuzzer.o
 .debug_line    0x00000000        0x0 APP/AppTestBuzzer.o
 .debug_str     0x00000000      0x119 APP/AppTestBuzzer.o
 .comment       0x00000000       0x31 APP/AppTestBuzzer.o
 .text          0x00000000        0x0 APP/App_main.o
 .data          0x00000000        0x0 APP/App_main.o
 .bss           0x00000000        0x0 APP/App_main.o
 .debug_line    0x00000000        0x0 APP/App_main.o
 .debug_str     0x00000000      0x114 APP/App_main.o
 .comment       0x00000000       0x31 APP/App_main.o
 .text          0x00000000        0x0 APP/CFile1.o
 .data          0x00000000        0x0 APP/CFile1.o
 .bss           0x00000000        0x0 APP/CFile1.o
 .debug_line    0x00000000        0x0 APP/CFile1.o
 .debug_str     0x00000000      0x112 APP/CFile1.o
 .comment       0x00000000       0x31 APP/CFile1.o
 .text          0x00000000        0x0 APP/CFile2.o
 .data          0x00000000        0x0 APP/CFile2.o
 .bss           0x00000000        0x0 APP/CFile2.o
 .debug_line    0x00000000        0x0 APP/CFile2.o
 .debug_str     0x00000000      0x112 APP/CFile2.o
 .comment       0x00000000       0x31 APP/CFile2.o
 .text          0x00000000        0x0 APP/CFile3.o
 .data          0x00000000        0x0 APP/CFile3.o
 .bss           0x00000000        0x0 APP/CFile3.o
 .debug_line    0x00000000        0x0 APP/CFile3.o
 .debug_str     0x00000000      0x112 APP/CFile3.o
 .comment       0x00000000       0x31 APP/CFile3.o
 .text          0x00000000        0x0 APP/CFile4.o
 .data          0x00000000        0x0 APP/CFile4.o
 .bss           0x00000000        0x0 APP/CFile4.o
 .debug_line    0x00000000        0x0 APP/CFile4.o
 .debug_str     0x00000000      0x112 APP/CFile4.o
 .comment       0x00000000       0x31 APP/CFile4.o
 .text          0x00000000        0x0 APP/H_Bridge_DC_Motor.o
 .data          0x00000000        0x0 APP/H_Bridge_DC_Motor.o
 .bss           0x00000000        0x0 APP/H_Bridge_DC_Motor.o
 .debug_line    0x00000000        0x0 APP/H_Bridge_DC_Motor.o
 .debug_str     0x00000000      0x11d APP/H_Bridge_DC_Motor.o
 .comment       0x00000000       0x31 APP/H_Bridge_DC_Motor.o
 .text          0x00000000        0x0 APP/Motor.o
 .data          0x00000000        0x0 APP/Motor.o
 .bss           0x00000000        0x0 APP/Motor.o
 .debug_line    0x00000000        0x0 APP/Motor.o
 .debug_str     0x00000000      0x111 APP/Motor.o
 .comment       0x00000000       0x31 APP/Motor.o
 .text          0x00000000        0x0 APP/Interrupts_H.o
 .data          0x00000000        0x0 APP/Interrupts_H.o
 .bss           0x00000000        0x0 APP/Interrupts_H.o
 .debug_line    0x00000000        0x0 APP/Interrupts_H.o
 .debug_str     0x00000000      0x118 APP/Interrupts_H.o
 .comment       0x00000000       0x31 APP/Interrupts_H.o
 .text          0x00000000        0x0 APP/Interrupts_main.o
 .data          0x00000000        0x0 APP/Interrupts_main.o
 .bss           0x00000000        0x0 APP/Interrupts_main.o
 .debug_line    0x00000000        0x0 APP/Interrupts_main.o
 .debug_str     0x00000000      0x11b APP/Interrupts_main.o
 .comment       0x00000000       0x31 APP/Interrupts_main.o
 .text          0x00000000        0x0 APP/servo motor.o
 .data          0x00000000        0x0 APP/servo motor.o
 .bss           0x00000000        0x0 APP/servo motor.o
 .debug_line    0x00000000        0x0 APP/servo motor.o
 .debug_str     0x00000000      0x117 APP/servo motor.o
 .comment       0x00000000       0x31 APP/servo motor.o
 .text          0x00000000        0x0 APP/Servo_Motor.o
 .data          0x00000000        0x0 APP/Servo_Motor.o
 .bss           0x00000000        0x0 APP/Servo_Motor.o
 .debug_line    0x00000000        0x0 APP/Servo_Motor.o
 .debug_str     0x00000000      0x117 APP/Servo_Motor.o
 .comment       0x00000000       0x31 APP/Servo_Motor.o
 .text          0x00000000        0x0 APP/SimpleCal_main.o
 .data          0x00000000        0x0 APP/SimpleCal_main.o
 .bss           0x00000000        0x0 APP/SimpleCal_main.o
 .debug_line    0x00000000        0x0 APP/SimpleCal_main.o
 .debug_str     0x00000000      0x11a APP/SimpleCal_main.o
 .comment       0x00000000       0x31 APP/SimpleCal_main.o
 .text          0x00000000        0x0 APP/TESTWDG.o
 .data          0x00000000        0x0 APP/TESTWDG.o
 .bss           0x00000000        0x0 APP/TESTWDG.o
 .debug_line    0x00000000        0x0 APP/TESTWDG.o
 .debug_str     0x00000000      0x113 APP/TESTWDG.o
 .comment       0x00000000       0x31 APP/TESTWDG.o
 .text          0x00000000        0x0 APP/Test_Timer.o
 .data          0x00000000        0x0 APP/Test_Timer.o
 .bss           0x00000000        0x0 APP/Test_Timer.o
 .debug_line    0x00000000        0x0 APP/Test_Timer.o
 .debug_str     0x00000000      0x116 APP/Test_Timer.o
 .comment       0x00000000       0x31 APP/Test_Timer.o
 .text          0x00000000        0x0 APP/Test.o
 .data          0x00000000        0x0 APP/Test.o
 .bss           0x00000000        0x0 APP/Test.o
 .debug_line    0x00000000        0x0 APP/Test.o
 .debug_str     0x00000000      0x110 APP/Test.o
 .comment       0x00000000       0x31 APP/Test.o
 .text          0x00000000        0x0 APP/uart.o
 .data          0x00000000        0x0 APP/uart.o
 .bss           0x00000000        0x0 APP/uart.o
 .debug_line    0x00000000        0x0 APP/uart.o
 .debug_str     0x00000000      0x110 APP/uart.o
 .comment       0x00000000       0x31 APP/uart.o
 .text          0x00000000        0x0 APP/_7Segment_main.o
 .data          0x00000000        0x0 APP/_7Segment_main.o
 .bss           0x00000000        0x0 APP/_7Segment_main.o
 .debug_line    0x00000000        0x0 APP/_7Segment_main.o
 .debug_str     0x00000000      0x11a APP/_7Segment_main.o
 .comment       0x00000000       0x31 APP/_7Segment_main.o
 .text          0x00000000        0x0 APP/_7Seg_HW.o
 .data          0x00000000        0x0 APP/_7Seg_HW.o
 .bss           0x00000000        0x0 APP/_7Seg_HW.o
 .text          0x00000000        0x0 HAL/Dc_Motor/DC_Motor.o
 .data          0x00000000        0x0 HAL/Dc_Motor/DC_Motor.o
 .bss           0x00000000        0x0 HAL/Dc_Motor/DC_Motor.o
 .text.dcMotor_vidInit
                0x00000000       0x4c HAL/Dc_Motor/DC_Motor.o
 .text.dcMotor_vidSetDirection
                0x00000000       0x74 HAL/Dc_Motor/DC_Motor.o
 .text.dcMotor_vidStop
                0x00000000       0x38 HAL/Dc_Motor/DC_Motor.o
 .text.dcMotor_vidSetSpeed
                0x00000000       0x20 HAL/Dc_Motor/DC_Motor.o
 .debug_info    0x00000000      0x10f HAL/Dc_Motor/DC_Motor.o
 .debug_abbrev  0x00000000       0xb7 HAL/Dc_Motor/DC_Motor.o
 .debug_loc     0x00000000      0x106 HAL/Dc_Motor/DC_Motor.o
 .debug_aranges
                0x00000000       0x38 HAL/Dc_Motor/DC_Motor.o
 .debug_ranges  0x00000000       0x28 HAL/Dc_Motor/DC_Motor.o
 .debug_line    0x00000000      0x152 HAL/Dc_Motor/DC_Motor.o
 .debug_str     0x00000000      0x21b HAL/Dc_Motor/DC_Motor.o
 .comment       0x00000000       0x31 HAL/Dc_Motor/DC_Motor.o
 .debug_frame   0x00000000       0x94 HAL/Dc_Motor/DC_Motor.o
 .text          0x00000000        0x0 HAL/KeyPad/KeyPad.o
 .data          0x00000000        0x0 HAL/KeyPad/KeyPad.o
 .bss           0x00000000        0x0 HAL/KeyPad/KeyPad.o
 .data.KB_Values
                0x00000000       0x10 HAL/KeyPad/KeyPad.o
 .text.KB_u8GetPressedKey
                0x00000000      0x18e HAL/KeyPad/KeyPad.o
 .debug_info    0x00000000      0x1d3 HAL/KeyPad/KeyPad.o
 .debug_abbrev  0x00000000       0xf8 HAL/KeyPad/KeyPad.o
 .debug_loc     0x00000000       0x47 HAL/KeyPad/KeyPad.o
 .debug_aranges
                0x00000000       0x20 HAL/KeyPad/KeyPad.o
 .debug_ranges  0x00000000       0x10 HAL/KeyPad/KeyPad.o
 .debug_line    0x00000000      0x1d9 HAL/KeyPad/KeyPad.o
 .debug_str     0x00000000      0x224 HAL/KeyPad/KeyPad.o
 .comment       0x00000000       0x31 HAL/KeyPad/KeyPad.o
 .debug_frame   0x00000000       0x34 HAL/KeyPad/KeyPad.o
 .text          0x00000000        0x0 HAL/LCD/Lcd.o
 .data          0x00000000        0x0 HAL/LCD/Lcd.o
 .bss           0x00000000        0x0 HAL/LCD/Lcd.o
 .text.Lcd_voidInit
                0x00000000      0x3fa HAL/LCD/Lcd.o
 .text.Lcd_voidWriteChar
                0x00000000      0x488 HAL/LCD/Lcd.o
 .text.Lcd_voidWriteString
                0x00000000       0x54 HAL/LCD/Lcd.o
 .text.Lcd_voidSendCmd
                0x00000000      0x81a HAL/LCD/Lcd.o
 .text.Lcd_voidGoToRowCol
                0x00000000       0x3e HAL/LCD/Lcd.o
 .text.Lcd_voidWriteCustomChar
                0x00000000       0x5a HAL/LCD/Lcd.o
 .text.LCD_u8WriteINT
                0x00000000       0xea HAL/LCD/Lcd.o
 .text.Private_u16Power
                0x00000000       0x5c HAL/LCD/Lcd.o
 .debug_info    0x00000000      0x965 HAL/LCD/Lcd.o
 .debug_abbrev  0x00000000      0x194 HAL/LCD/Lcd.o
 .debug_loc     0x00000000      0x258 HAL/LCD/Lcd.o
 .debug_aranges
                0x00000000       0x58 HAL/LCD/Lcd.o
 .debug_ranges  0x00000000       0x78 HAL/LCD/Lcd.o
 .debug_line    0x00000000      0x7d2 HAL/LCD/Lcd.o
 .debug_str     0x00000000      0x31b HAL/LCD/Lcd.o
 .comment       0x00000000       0x31 HAL/LCD/Lcd.o
 .debug_frame   0x00000000      0x120 HAL/LCD/Lcd.o
 .text          0x00000000        0x0 HAL/Led_bar/ledBar.o
 .data          0x00000000        0x0 HAL/Led_bar/ledBar.o
 .bss           0x00000000        0x0 HAL/Led_bar/ledBar.o
 .text.ledBar_init
                0x00000000       0x52 HAL/Led_bar/ledBar.o
 .text.ledBar_setStatus
                0x00000000       0xc2 HAL/Led_bar/ledBar.o
 .debug_info    0x00000000      0x12c HAL/Led_bar/ledBar.o
 .debug_abbrev  0x00000000       0x98 HAL/Led_bar/ledBar.o
 .debug_loc     0x00000000       0x90 HAL/Led_bar/ledBar.o
 .debug_aranges
                0x00000000       0x28 HAL/Led_bar/ledBar.o
 .debug_ranges  0x00000000       0x18 HAL/Led_bar/ledBar.o
 .debug_line    0x00000000      0x12c HAL/Led_bar/ledBar.o
 .debug_str     0x00000000      0x1f5 HAL/Led_bar/ledBar.o
 .comment       0x00000000       0x31 HAL/Led_bar/ledBar.o
 .debug_frame   0x00000000       0x54 HAL/Led_bar/ledBar.o
 .text          0x00000000        0x0 HAL/Led_bar/ledBar_cfg.o
 .data          0x00000000        0x0 HAL/Led_bar/ledBar_cfg.o
 .bss           0x00000000        0x0 HAL/Led_bar/ledBar_cfg.o
 .data.ledBar_ledsPinsCfg
                0x00000000       0x14 HAL/Led_bar/ledBar_cfg.o
 .debug_info    0x00000000       0xa4 HAL/Led_bar/ledBar_cfg.o
 .debug_abbrev  0x00000000       0x4b HAL/Led_bar/ledBar_cfg.o
 .debug_aranges
                0x00000000       0x18 HAL/Led_bar/ledBar_cfg.o
 .debug_line    0x00000000       0x61 HAL/Led_bar/ledBar_cfg.o
 .debug_str     0x00000000      0x1ca HAL/Led_bar/ledBar_cfg.o
 .comment       0x00000000       0x31 HAL/Led_bar/ledBar_cfg.o
 .text          0x00000000        0x0 HAL/PushButtonSwitch/PushButtonSwitch.o
 .data          0x00000000        0x0 HAL/PushButtonSwitch/PushButtonSwitch.o
 .bss           0x00000000        0x0 HAL/PushButtonSwitch/PushButtonSwitch.o
 .text.PushButtonSwitch_voiodInit
                0x00000000       0xa6 HAL/PushButtonSwitch/PushButtonSwitch.o
 .text.PushButtonSwitch_u8Status
                0x00000000       0xae HAL/PushButtonSwitch/PushButtonSwitch.o
 .debug_info    0x00000000       0xfd HAL/PushButtonSwitch/PushButtonSwitch.o
 .debug_abbrev  0x00000000       0x80 HAL/PushButtonSwitch/PushButtonSwitch.o
 .debug_loc     0x00000000       0x90 HAL/PushButtonSwitch/PushButtonSwitch.o
 .debug_aranges
                0x00000000       0x28 HAL/PushButtonSwitch/PushButtonSwitch.o
 .debug_ranges  0x00000000       0x18 HAL/PushButtonSwitch/PushButtonSwitch.o
 .debug_line    0x00000000      0x1b3 HAL/PushButtonSwitch/PushButtonSwitch.o
 .debug_str     0x00000000      0x20e HAL/PushButtonSwitch/PushButtonSwitch.o
 .comment       0x00000000       0x31 HAL/PushButtonSwitch/PushButtonSwitch.o
 .debug_frame   0x00000000       0x54 HAL/PushButtonSwitch/PushButtonSwitch.o
 .text          0x00000000        0x0 HAL/servoMotor/servoMotor.o
 .data          0x00000000        0x0 HAL/servoMotor/servoMotor.o
 .bss           0x00000000        0x0 HAL/servoMotor/servoMotor.o
 .text.servoMotor_vidInit
                0x00000000       0x2c HAL/servoMotor/servoMotor.o
 .text.servoMotor_vidSetAngle
                0x00000000       0x64 HAL/servoMotor/servoMotor.o
 .debug_info    0x00000000       0xbc HAL/servoMotor/servoMotor.o
 .debug_abbrev  0x00000000       0x6d HAL/servoMotor/servoMotor.o
 .debug_loc     0x00000000       0x83 HAL/servoMotor/servoMotor.o
 .debug_aranges
                0x00000000       0x28 HAL/servoMotor/servoMotor.o
 .debug_ranges  0x00000000       0x18 HAL/servoMotor/servoMotor.o
 .debug_line    0x00000000       0xea HAL/servoMotor/servoMotor.o
 .debug_str     0x00000000      0x1e1 HAL/servoMotor/servoMotor.o
 .comment       0x00000000       0x31 HAL/servoMotor/servoMotor.o
 .debug_frame   0x00000000       0x54 HAL/servoMotor/servoMotor.o
 .text          0x00000000        0x0 HAL/SevenSegment/SevenSegment.o
 .data          0x00000000        0x0 HAL/SevenSegment/SevenSegment.o
 .bss           0x00000000        0x0 HAL/SevenSegment/SevenSegment.o
 .text.SevenSegment_voidSelectNumber
                0x00000000      0x698 HAL/SevenSegment/SevenSegment.o
 .progmem.gcc_sw_table.SevenSegment_voidSelectNumber
                0x00000000       0x50 HAL/SevenSegment/SevenSegment.o
 .debug_info    0x00000000       0xb4 HAL/SevenSegment/SevenSegment.o
 .debug_abbrev  0x00000000       0x55 HAL/SevenSegment/SevenSegment.o
 .debug_loc     0x00000000       0x48 HAL/SevenSegment/SevenSegment.o
 .debug_aranges
                0x00000000       0x20 HAL/SevenSegment/SevenSegment.o
 .debug_ranges  0x00000000       0x10 HAL/SevenSegment/SevenSegment.o
 .debug_line    0x00000000      0x31d HAL/SevenSegment/SevenSegment.o
 .debug_str     0x00000000      0x1ec HAL/SevenSegment/SevenSegment.o
 .comment       0x00000000       0x31 HAL/SevenSegment/SevenSegment.o
 .debug_frame   0x00000000       0x34 HAL/SevenSegment/SevenSegment.o
 .text          0x00000000        0x0 HAL/Led/Led.o
 .data          0x00000000        0x0 HAL/Led/Led.o
 .bss           0x00000000        0x0 HAL/Led/Led.o
 .text.Led_voidOn
                0x00000000       0x24 HAL/Led/Led.o
 .text.Led_voidOf
                0x00000000       0x24 HAL/Led/Led.o
 .text.Led_voidToggel
                0x00000000       0x22 HAL/Led/Led.o
 .debug_info    0x00000000      0x122 HAL/Led/Led.o
 .debug_abbrev  0x00000000       0x6f HAL/Led/Led.o
 .debug_loc     0x00000000       0xd8 HAL/Led/Led.o
 .debug_aranges
                0x00000000       0x30 HAL/Led/Led.o
 .debug_ranges  0x00000000       0x20 HAL/Led/Led.o
 .debug_line    0x00000000       0xa6 HAL/Led/Led.o
 .debug_str     0x00000000      0x1d7 HAL/Led/Led.o
 .comment       0x00000000       0x31 HAL/Led/Led.o
 .debug_frame   0x00000000       0x74 HAL/Led/Led.o
 .text          0x00000000        0x0 MCAL/ADC/Adc.o
 .data          0x00000000        0x0 MCAL/ADC/Adc.o
 .bss           0x00000000        0x0 MCAL/ADC/Adc.o
 .text.Adc_voidInit
                0x00000000       0x8e MCAL/ADC/Adc.o
 .text.Adc_u16ReadChannel
                0x00000000       0x82 MCAL/ADC/Adc.o
 .debug_info    0x00000000       0xcb MCAL/ADC/Adc.o
 .debug_abbrev  0x00000000       0x6f MCAL/ADC/Adc.o
 .debug_loc     0x00000000       0x83 MCAL/ADC/Adc.o
 .debug_aranges
                0x00000000       0x28 MCAL/ADC/Adc.o
 .debug_ranges  0x00000000       0x18 MCAL/ADC/Adc.o
 .debug_line    0x00000000       0xda MCAL/ADC/Adc.o
 .debug_str     0x00000000      0x1cc MCAL/ADC/Adc.o
 .comment       0x00000000       0x31 MCAL/ADC/Adc.o
 .debug_frame   0x00000000       0x54 MCAL/ADC/Adc.o
 .text          0x00000000        0x0 MCAL/Dio/Dio.o
 .data          0x00000000        0x0 MCAL/Dio/Dio.o
 .bss           0x00000000        0x0 MCAL/Dio/Dio.o
 .text.Dio_voidSetPinDirection
                0x00000000      0x1e6 MCAL/Dio/Dio.o
 .text.Dio_u8ReadChannel
                0x00000000       0xde MCAL/Dio/Dio.o
 .text.Dio_voidFlipChannel
                0x00000000       0xf8 MCAL/Dio/Dio.o
 .text          0x00000000        0x0 MCAL/Exti0/Exti0.o
 .data          0x00000000        0x0 MCAL/Exti0/Exti0.o
 .bss           0x00000000        0x0 MCAL/Exti0/Exti0.o
 .text.Exti0_voidInit
                0x00000000       0x46 MCAL/Exti0/Exti0.o
 .text.Exti0_voidEnableInterrupt
                0x00000000       0x22 MCAL/Exti0/Exti0.o
 .text.Exti0_voidDisableInterrupt
                0x00000000       0x22 MCAL/Exti0/Exti0.o
 .text.Exti0_voidSetCallBack
                0x00000000       0x2e MCAL/Exti0/Exti0.o
 .text          0x00000000        0x0 MCAL/Exti1/Exti1.o
 .data          0x00000000        0x0 MCAL/Exti1/Exti1.o
 .bss           0x00000000        0x0 MCAL/Exti1/Exti1.o
 .text.Exti1_voidInit
                0x00000000       0x46 MCAL/Exti1/Exti1.o
 .text.Exti1_voidEnableInterrupt
                0x00000000       0x22 MCAL/Exti1/Exti1.o
 .text.Exti1_voidDisableInterrupt
                0x00000000       0x22 MCAL/Exti1/Exti1.o
 .text.Exti1_voidSetCallBack
                0x00000000       0x2e MCAL/Exti1/Exti1.o
 .text          0x00000000        0x0 MCAL/Exti2/Exti2.o
 .data          0x00000000        0x0 MCAL/Exti2/Exti2.o
 .bss           0x00000000        0x0 MCAL/Exti2/Exti2.o
 .text.Exti2_voidInit
                0x00000000       0x46 MCAL/Exti2/Exti2.o
 .text.Exti2_voidEnableInterrupt
                0x00000000       0x22 MCAL/Exti2/Exti2.o
 .text.Exti2_voidDisableInterrupt
                0x00000000       0x22 MCAL/Exti2/Exti2.o
 .text.Exti2_voidSetCallBack
                0x00000000       0x2e MCAL/Exti2/Exti2.o
 .text          0x00000000        0x0 MCAL/GIE/Gie.o
 .data          0x00000000        0x0 MCAL/GIE/Gie.o
 .bss           0x00000000        0x0 MCAL/GIE/Gie.o
 .text.GIE_voidEnableInterrupt
                0x00000000       0x22 MCAL/GIE/Gie.o
 .text.GIE_voidDisableInterrupt
                0x00000000       0x22 MCAL/GIE/Gie.o
 .debug_info    0x00000000       0xad MCAL/GIE/Gie.o
 .debug_abbrev  0x00000000       0x46 MCAL/GIE/Gie.o
 .debug_loc     0x00000000       0x76 MCAL/GIE/Gie.o
 .debug_aranges
                0x00000000       0x28 MCAL/GIE/Gie.o
 .debug_ranges  0x00000000       0x18 MCAL/GIE/Gie.o
 .debug_line    0x00000000       0x8c MCAL/GIE/Gie.o
 .debug_str     0x00000000      0x1d5 MCAL/GIE/Gie.o
 .comment       0x00000000       0x31 MCAL/GIE/Gie.o
 .debug_frame   0x00000000       0x54 MCAL/GIE/Gie.o
 .text          0x00000000        0x0 MCAL/Timer0/Timer0.o
 .data          0x00000000        0x0 MCAL/Timer0/Timer0.o
 .bss           0x00000000        0x0 MCAL/Timer0/Timer0.o
 .text.timer0_init
                0x00000000       0x2a MCAL/Timer0/Timer0.o
 .text.timer0_start
                0x00000000       0x3c MCAL/Timer0/Timer0.o
 .text.timer0_stop
                0x00000000       0x22 MCAL/Timer0/Timer0.o
 .text.timer0_setPreloadValue
                0x00000000       0x20 MCAL/Timer0/Timer0.o
 .text.timer0_getCounterValue
                0x00000000       0x16 MCAL/Timer0/Timer0.o
 .text.timer0_getOvFlag
                0x00000000       0x18 MCAL/Timer0/Timer0.o
 .text.timer0_clearOvFlag
                0x00000000       0x22 MCAL/Timer0/Timer0.o
 .text.timer0_enableOvInterrupt
                0x00000000       0x22 MCAL/Timer0/Timer0.o
 .text.timer0_setOvClbk
                0x00000000       0x26 MCAL/Timer0/Timer0.o
 .text.timer0_setCompareValue
                0x00000000       0x20 MCAL/Timer0/Timer0.o
 .text.timer0_enableCtcInterrupt
                0x00000000       0x22 MCAL/Timer0/Timer0.o
 .text.timer0_getCtcFlag
                0x00000000       0x1a MCAL/Timer0/Timer0.o
 .text.timer0_clearCtcFlag
                0x00000000       0x22 MCAL/Timer0/Timer0.o
 .text.timer0_setCtcClbk
                0x00000000       0x26 MCAL/Timer0/Timer0.o
 .text.pwm0_init
                0x00000000       0x4c MCAL/Timer0/Timer0.o
 .text.pwm0_setDutyCycle
                0x00000000       0x6e MCAL/Timer0/Timer0.o
 .text          0x00000000        0x0 MCAL/Timer1/timer1.o
 .data          0x00000000        0x0 MCAL/Timer1/timer1.o
 .bss           0x00000000        0x0 MCAL/Timer1/timer1.o
 .text.pwm1_CHA_init
                0x00000000       0x80 MCAL/Timer1/timer1.o
 .text.pwm1_setTopValue
                0x00000000       0x56 MCAL/Timer1/timer1.o
 .text.pwm1_setDutyCycle
                0x00000000       0x9c MCAL/Timer1/timer1.o
 .debug_info    0x00000000      0x151 MCAL/Timer1/timer1.o
 .debug_abbrev  0x00000000       0x7e MCAL/Timer1/timer1.o
 .debug_loc     0x00000000       0xd7 MCAL/Timer1/timer1.o
 .debug_aranges
                0x00000000       0x30 MCAL/Timer1/timer1.o
 .debug_ranges  0x00000000       0x20 MCAL/Timer1/timer1.o
 .debug_line    0x00000000       0xf3 MCAL/Timer1/timer1.o
 .debug_str     0x00000000      0x20d MCAL/Timer1/timer1.o
 .comment       0x00000000       0x31 MCAL/Timer1/timer1.o
 .debug_frame   0x00000000       0x74 MCAL/Timer1/timer1.o
 .text          0x00000000        0x0 MCAL/uart/uart.o
 .data          0x00000000        0x0 MCAL/uart/uart.o
 .bss           0x00000000        0x0 MCAL/uart/uart.o
 .bss.txcClbkPtr
                0x00000000        0x2 MCAL/uart/uart.o
 .text.uart_vidInit
                0x00000000       0x6a MCAL/uart/uart.o
 .text.uart_vidSendByte_synch
                0x00000000       0x3c MCAL/uart/uart.o
 .text.uart_u8ReceiveByte
                0x00000000       0x32 MCAL/uart/uart.o
 .text.uart_u8ReceiveByte_asynch
                0x00000000       0x1c MCAL/uart/uart.o
 .text.uart_u8ReceiveByte_synch
                0x00000000       0x1c MCAL/uart/uart.o
 .text.uart_u8ReceiveString_synch
                0x00000000       0x54 MCAL/uart/uart.o
 .text.checkString
                0x00000000       0x4c MCAL/uart/uart.o
 .text.uart_u8ReceiveString_asynch
                0x00000000       0xa2 MCAL/uart/uart.o
 .text.uart_vidSendString_synch
                0x00000000       0x54 MCAL/uart/uart.o
 .text.uart_vidSendString_asynch
                0x00000000       0x80 MCAL/uart/uart.o
 .text.uart_vidEnableRxCInterrupt
                0x00000000       0x38 MCAL/uart/uart.o
 .text.uart_vidEnableTxCInterrupt
                0x00000000       0x38 MCAL/uart/uart.o
 .text          0x00000000        0x0 MCAL/WDG/wdg.o
 .data          0x00000000        0x0 MCAL/WDG/wdg.o
 .bss           0x00000000        0x0 MCAL/WDG/wdg.o
 .text.wdg_vidEnable
                0x00000000       0x3c MCAL/WDG/wdg.o
 .text.wdg_vidDisable
                0x00000000       0x34 MCAL/WDG/wdg.o
 .text.wdg_vidRefresh
                0x00000000       0x12 MCAL/WDG/wdg.o
 .debug_info    0x00000000       0xd6 MCAL/WDG/wdg.o
 .debug_abbrev  0x00000000       0x6f MCAL/WDG/wdg.o
 .debug_loc     0x00000000       0xbe MCAL/WDG/wdg.o
 .debug_aranges
                0x00000000       0x30 MCAL/WDG/wdg.o
 .debug_ranges  0x00000000       0x20 MCAL/WDG/wdg.o
 .debug_line    0x00000000       0xb4 MCAL/WDG/wdg.o
 .debug_str     0x00000000      0x1da MCAL/WDG/wdg.o
 .comment       0x00000000       0x31 MCAL/WDG/wdg.o
 .debug_frame   0x00000000       0x74 MCAL/WDG/wdg.o
 .text          0x00000000        0x0 d:/microchip/7.0/toolchain/avr8/avr8-gnu-toolchain/bin/../lib/gcc/avr/5.4.0/../../../../avr/lib/avr5\libm.a(cmpsf2.o)
 .data          0x00000000        0x0 d:/microchip/7.0/toolchain/avr8/avr8-gnu-toolchain/bin/../lib/gcc/avr/5.4.0/../../../../avr/lib/avr5\libm.a(cmpsf2.o)
 .bss           0x00000000        0x0 d:/microchip/7.0/toolchain/avr8/avr8-gnu-toolchain/bin/../lib/gcc/avr/5.4.0/../../../../avr/lib/avr5\libm.a(cmpsf2.o)
 .text          0x00000000        0x0 d:/microchip/7.0/toolchain/avr8/avr8-gnu-toolchain/bin/../lib/gcc/avr/5.4.0/../../../../avr/lib/avr5\libm.a(divsf3.o)
 .data          0x00000000        0x0 d:/microchip/7.0/toolchain/avr8/avr8-gnu-toolchain/bin/../lib/gcc/avr/5.4.0/../../../../avr/lib/avr5\libm.a(divsf3.o)
 .bss           0x00000000        0x0 d:/microchip/7.0/toolchain/avr8/avr8-gnu-toolchain/bin/../lib/gcc/avr/5.4.0/../../../../avr/lib/avr5\libm.a(divsf3.o)
 .text.avr-libc.fplib
                0x00000000        0x8 d:/microchip/7.0/toolchain/avr8/avr8-gnu-toolchain/bin/../lib/gcc/avr/5.4.0/../../../../avr/lib/avr5\libm.a(divsf3.o)
 .text          0x00000000        0x0 d:/microchip/7.0/toolchain/avr8/avr8-gnu-toolchain/bin/../lib/gcc/avr/5.4.0/../../../../avr/lib/avr5\libm.a(divsf3x.o)
 .data          0x00000000        0x0 d:/microchip/7.0/toolchain/avr8/avr8-gnu-toolchain/bin/../lib/gcc/avr/5.4.0/../../../../avr/lib/avr5\libm.a(divsf3x.o)
 .bss           0x00000000        0x0 d:/microchip/7.0/toolchain/avr8/avr8-gnu-toolchain/bin/../lib/gcc/avr/5.4.0/../../../../avr/lib/avr5\libm.a(divsf3x.o)
 .text.avr-libc.fplib
                0x00000000       0xdc d:/microchip/7.0/toolchain/avr8/avr8-gnu-toolchain/bin/../lib/gcc/avr/5.4.0/../../../../avr/lib/avr5\libm.a(divsf3x.o)
 .text          0x00000000        0x0 d:/microchip/7.0/toolchain/avr8/avr8-gnu-toolchain/bin/../lib/gcc/avr/5.4.0/../../../../avr/lib/avr5\libm.a(fixunssfsi.o)
 .data          0x00000000        0x0 d:/microchip/7.0/toolchain/avr8/avr8-gnu-toolchain/bin/../lib/gcc/avr/5.4.0/../../../../avr/lib/avr5\libm.a(fixunssfsi.o)
 .bss           0x00000000        0x0 d:/microchip/7.0/toolchain/avr8/avr8-gnu-toolchain/bin/../lib/gcc/avr/5.4.0/../../../../avr/lib/avr5\libm.a(fixunssfsi.o)
 .text          0x00000000        0x0 d:/microchip/7.0/toolchain/avr8/avr8-gnu-toolchain/bin/../lib/gcc/avr/5.4.0/../../../../avr/lib/avr5\libm.a(floatsisf.o)
 .data          0x00000000        0x0 d:/microchip/7.0/toolchain/avr8/avr8-gnu-toolchain/bin/../lib/gcc/avr/5.4.0/../../../../avr/lib/avr5\libm.a(floatsisf.o)
 .bss           0x00000000        0x0 d:/microchip/7.0/toolchain/avr8/avr8-gnu-toolchain/bin/../lib/gcc/avr/5.4.0/../../../../avr/lib/avr5\libm.a(floatsisf.o)
 .text.avr-libc.fplib
                0x00000000       0x7a d:/microchip/7.0/toolchain/avr8/avr8-gnu-toolchain/bin/../lib/gcc/avr/5.4.0/../../../../avr/lib/avr5\libm.a(floatsisf.o)
 .text          0x00000000        0x0 d:/microchip/7.0/toolchain/avr8/avr8-gnu-toolchain/bin/../lib/gcc/avr/5.4.0/../../../../avr/lib/avr5\libm.a(fp_cmp.o)
 .data          0x00000000        0x0 d:/microchip/7.0/toolchain/avr8/avr8-gnu-toolchain/bin/../lib/gcc/avr/5.4.0/../../../../avr/lib/avr5\libm.a(fp_cmp.o)
 .bss           0x00000000        0x0 d:/microchip/7.0/toolchain/avr8/avr8-gnu-toolchain/bin/../lib/gcc/avr/5.4.0/../../../../avr/lib/avr5\libm.a(fp_cmp.o)
 .text          0x00000000        0x0 d:/microchip/7.0/toolchain/avr8/avr8-gnu-toolchain/bin/../lib/gcc/avr/5.4.0/../../../../avr/lib/avr5\libm.a(fp_inf.o)
 .data          0x00000000        0x0 d:/microchip/7.0/toolchain/avr8/avr8-gnu-toolchain/bin/../lib/gcc/avr/5.4.0/../../../../avr/lib/avr5\libm.a(fp_inf.o)
 .bss           0x00000000        0x0 d:/microchip/7.0/toolchain/avr8/avr8-gnu-toolchain/bin/../lib/gcc/avr/5.4.0/../../../../avr/lib/avr5\libm.a(fp_inf.o)
 .text          0x00000000        0x0 d:/microchip/7.0/toolchain/avr8/avr8-gnu-toolchain/bin/../lib/gcc/avr/5.4.0/../../../../avr/lib/avr5\libm.a(fp_nan.o)
 .data          0x00000000        0x0 d:/microchip/7.0/toolchain/avr8/avr8-gnu-toolchain/bin/../lib/gcc/avr/5.4.0/../../../../avr/lib/avr5\libm.a(fp_nan.o)
 .bss           0x00000000        0x0 d:/microchip/7.0/toolchain/avr8/avr8-gnu-toolchain/bin/../lib/gcc/avr/5.4.0/../../../../avr/lib/avr5\libm.a(fp_nan.o)
 .text          0x00000000        0x0 d:/microchip/7.0/toolchain/avr8/avr8-gnu-toolchain/bin/../lib/gcc/avr/5.4.0/../../../../avr/lib/avr5\libm.a(fp_pscA.o)
 .data          0x00000000        0x0 d:/microchip/7.0/toolchain/avr8/avr8-gnu-toolchain/bin/../lib/gcc/avr/5.4.0/../../../../avr/lib/avr5\libm.a(fp_pscA.o)
 .bss           0x00000000        0x0 d:/microchip/7.0/toolchain/avr8/avr8-gnu-toolchain/bin/../lib/gcc/avr/5.4.0/../../../../avr/lib/avr5\libm.a(fp_pscA.o)
 .text          0x00000000        0x0 d:/microchip/7.0/toolchain/avr8/avr8-gnu-toolchain/bin/../lib/gcc/avr/5.4.0/../../../../avr/lib/avr5\libm.a(fp_pscB.o)
 .data          0x00000000        0x0 d:/microchip/7.0/toolchain/avr8/avr8-gnu-toolchain/bin/../lib/gcc/avr/5.4.0/../../../../avr/lib/avr5\libm.a(fp_pscB.o)
 .bss           0x00000000        0x0 d:/microchip/7.0/toolchain/avr8/avr8-gnu-toolchain/bin/../lib/gcc/avr/5.4.0/../../../../avr/lib/avr5\libm.a(fp_pscB.o)
 .text          0x00000000        0x0 d:/microchip/7.0/toolchain/avr8/avr8-gnu-toolchain/bin/../lib/gcc/avr/5.4.0/../../../../avr/lib/avr5\libm.a(fp_round.o)
 .data          0x00000000        0x0 d:/microchip/7.0/toolchain/avr8/avr8-gnu-toolchain/bin/../lib/gcc/avr/5.4.0/../../../../avr/lib/avr5\libm.a(fp_round.o)
 .bss           0x00000000        0x0 d:/microchip/7.0/toolchain/avr8/avr8-gnu-toolchain/bin/../lib/gcc/avr/5.4.0/../../../../avr/lib/avr5\libm.a(fp_round.o)
 .text          0x00000000        0x0 d:/microchip/7.0/toolchain/avr8/avr8-gnu-toolchain/bin/../lib/gcc/avr/5.4.0/../../../../avr/lib/avr5\libm.a(fp_split3.o)
 .data          0x00000000        0x0 d:/microchip/7.0/toolchain/avr8/avr8-gnu-toolchain/bin/../lib/gcc/avr/5.4.0/../../../../avr/lib/avr5\libm.a(fp_split3.o)
 .bss           0x00000000        0x0 d:/microchip/7.0/toolchain/avr8/avr8-gnu-toolchain/bin/../lib/gcc/avr/5.4.0/../../../../avr/lib/avr5\libm.a(fp_split3.o)
 .text          0x00000000        0x0 d:/microchip/7.0/toolchain/avr8/avr8-gnu-toolchain/bin/../lib/gcc/avr/5.4.0/../../../../avr/lib/avr5\libm.a(fp_zero.o)
 .data          0x00000000        0x0 d:/microchip/7.0/toolchain/avr8/avr8-gnu-toolchain/bin/../lib/gcc/avr/5.4.0/../../../../avr/lib/avr5\libm.a(fp_zero.o)
 .bss           0x00000000        0x0 d:/microchip/7.0/toolchain/avr8/avr8-gnu-toolchain/bin/../lib/gcc/avr/5.4.0/../../../../avr/lib/avr5\libm.a(fp_zero.o)
 .text          0x00000000        0x0 d:/microchip/7.0/toolchain/avr8/avr8-gnu-toolchain/bin/../lib/gcc/avr/5.4.0/../../../../avr/lib/avr5\libm.a(gesf2.o)
 .data          0x00000000        0x0 d:/microchip/7.0/toolchain/avr8/avr8-gnu-toolchain/bin/../lib/gcc/avr/5.4.0/../../../../avr/lib/avr5\libm.a(gesf2.o)
 .bss           0x00000000        0x0 d:/microchip/7.0/toolchain/avr8/avr8-gnu-toolchain/bin/../lib/gcc/avr/5.4.0/../../../../avr/lib/avr5\libm.a(gesf2.o)
 .text          0x00000000        0x0 d:/microchip/7.0/toolchain/avr8/avr8-gnu-toolchain/bin/../lib/gcc/avr/5.4.0/../../../../avr/lib/avr5\libm.a(mulsf3.o)
 .data          0x00000000        0x0 d:/microchip/7.0/toolchain/avr8/avr8-gnu-toolchain/bin/../lib/gcc/avr/5.4.0/../../../../avr/lib/avr5\libm.a(mulsf3.o)
 .bss           0x00000000        0x0 d:/microchip/7.0/toolchain/avr8/avr8-gnu-toolchain/bin/../lib/gcc/avr/5.4.0/../../../../avr/lib/avr5\libm.a(mulsf3.o)
 .text          0x00000000        0x0 d:/microchip/7.0/toolchain/avr8/avr8-gnu-toolchain/bin/../lib/gcc/avr/5.4.0/../../../../avr/lib/avr5\libm.a(mulsf3x.o)
 .data          0x00000000        0x0 d:/microchip/7.0/toolchain/avr8/avr8-gnu-toolchain/bin/../lib/gcc/avr/5.4.0/../../../../avr/lib/avr5\libm.a(mulsf3x.o)
 .bss           0x00000000        0x0 d:/microchip/7.0/toolchain/avr8/avr8-gnu-toolchain/bin/../lib/gcc/avr/5.4.0/../../../../avr/lib/avr5\libm.a(mulsf3x.o)
 .text          0x00000000        0x0 d:/microchip/7.0/toolchain/avr8/avr8-gnu-toolchain/bin/../lib/gcc/avr/5.4.0/avr5\libgcc.a(_udivmodhi4.o)
 .data          0x00000000        0x0 d:/microchip/7.0/toolchain/avr8/avr8-gnu-toolchain/bin/../lib/gcc/avr/5.4.0/avr5\libgcc.a(_udivmodhi4.o)
 .bss           0x00000000        0x0 d:/microchip/7.0/toolchain/avr8/avr8-gnu-toolchain/bin/../lib/gcc/avr/5.4.0/avr5\libgcc.a(_udivmodhi4.o)
 .text.libgcc.mul
                0x00000000        0x0 d:/microchip/7.0/toolchain/avr8/avr8-gnu-toolchain/bin/../lib/gcc/avr/5.4.0/avr5\libgcc.a(_udivmodhi4.o)
 .text.libgcc.div
                0x00000000       0x28 d:/microchip/7.0/toolchain/avr8/avr8-gnu-toolchain/bin/../lib/gcc/avr/5.4.0/avr5\libgcc.a(_udivmodhi4.o)
 .text.libgcc   0x00000000        0x0 d:/microchip/7.0/toolchain/avr8/avr8-gnu-toolchain/bin/../lib/gcc/avr/5.4.0/avr5\libgcc.a(_udivmodhi4.o)
 .text.libgcc.prologue
                0x00000000        0x0 d:/microchip/7.0/toolchain/avr8/avr8-gnu-toolchain/bin/../lib/gcc/avr/5.4.0/avr5\libgcc.a(_udivmodhi4.o)
 .text.libgcc.builtins
                0x00000000        0x0 d:/microchip/7.0/toolchain/avr8/avr8-gnu-toolchain/bin/../lib/gcc/avr/5.4.0/avr5\libgcc.a(_udivmodhi4.o)
 .text.libgcc.fmul
                0x00000000        0x0 d:/microchip/7.0/toolchain/avr8/avr8-gnu-toolchain/bin/../lib/gcc/avr/5.4.0/avr5\libgcc.a(_udivmodhi4.o)
 .text.libgcc.fixed
                0x00000000        0x0 d:/microchip/7.0/toolchain/avr8/avr8-gnu-toolchain/bin/../lib/gcc/avr/5.4.0/avr5\libgcc.a(_udivmodhi4.o)
 .text          0x00000000        0x0 d:/microchip/7.0/toolchain/avr8/avr8-gnu-toolchain/bin/../lib/gcc/avr/5.4.0/avr5\libgcc.a(_udivmodsi4.o)
 .data          0x00000000        0x0 d:/microchip/7.0/toolchain/avr8/avr8-gnu-toolchain/bin/../lib/gcc/avr/5.4.0/avr5\libgcc.a(_udivmodsi4.o)
 .bss           0x00000000        0x0 d:/microchip/7.0/toolchain/avr8/avr8-gnu-toolchain/bin/../lib/gcc/avr/5.4.0/avr5\libgcc.a(_udivmodsi4.o)
 .text.libgcc.mul
                0x00000000        0x0 d:/microchip/7.0/toolchain/avr8/avr8-gnu-toolchain/bin/../lib/gcc/avr/5.4.0/avr5\libgcc.a(_udivmodsi4.o)
 .text.libgcc.div
                0x00000000       0x44 d:/microchip/7.0/toolchain/avr8/avr8-gnu-toolchain/bin/../lib/gcc/avr/5.4.0/avr5\libgcc.a(_udivmodsi4.o)
 .text.libgcc   0x00000000        0x0 d:/microchip/7.0/toolchain/avr8/avr8-gnu-toolchain/bin/../lib/gcc/avr/5.4.0/avr5\libgcc.a(_udivmodsi4.o)
 .text.libgcc.prologue
                0x00000000        0x0 d:/microchip/7.0/toolchain/avr8/avr8-gnu-toolchain/bin/../lib/gcc/avr/5.4.0/avr5\libgcc.a(_udivmodsi4.o)
 .text.libgcc.builtins
                0x00000000        0x0 d:/microchip/7.0/toolchain/avr8/avr8-gnu-toolchain/bin/../lib/gcc/avr/5.4.0/avr5\libgcc.a(_udivmodsi4.o)
 .text.libgcc.fmul
                0x00000000        0x0 d:/microchip/7.0/toolchain/avr8/avr8-gnu-toolchain/bin/../lib/gcc/avr/5.4.0/avr5\libgcc.a(_udivmodsi4.o)
 .text.libgcc.fixed
                0x00000000        0x0 d:/microchip/7.0/toolchain/avr8/avr8-gnu-toolchain/bin/../lib/gcc/avr/5.4.0/avr5\libgcc.a(_udivmodsi4.o)
 .text          0x00000000        0x0 d:/microchip/7.0/toolchain/avr8/avr8-gnu-toolchain/bin/../lib/gcc/avr/5.4.0/avr5\libgcc.a(_exit.o)
 .data          0x00000000        0x0 d:/microchip/7.0/toolchain/avr8/avr8-gnu-toolchain/bin/../lib/gcc/avr/5.4.0/avr5\libgcc.a(_exit.o)
 .bss           0x00000000        0x0 d:/microchip/7.0/toolchain/avr8/avr8-gnu-toolchain/bin/../lib/gcc/avr/5.4.0/avr5\libgcc.a(_exit.o)
 .text.libgcc.mul
                0x00000000        0x0 d:/microchip/7.0/toolchain/avr8/avr8-gnu-toolchain/bin/../lib/gcc/avr/5.4.0/avr5\libgcc.a(_exit.o)
 .text.libgcc.div
                0x00000000        0x0 d:/microchip/7.0/toolchain/avr8/avr8-gnu-toolchain/bin/../lib/gcc/avr/5.4.0/avr5\libgcc.a(_exit.o)
 .text.libgcc   0x00000000        0x0 d:/microchip/7.0/toolchain/avr8/avr8-gnu-toolchain/bin/../lib/gcc/avr/5.4.0/avr5\libgcc.a(_exit.o)
 .text.libgcc.prologue
                0x00000000        0x0 d:/microchip/7.0/toolchain/avr8/avr8-gnu-toolchain/bin/../lib/gcc/avr/5.4.0/avr5\libgcc.a(_exit.o)
 .text.libgcc.builtins
                0x00000000        0x0 d:/microchip/7.0/toolchain/avr8/avr8-gnu-toolchain/bin/../lib/gcc/avr/5.4.0/avr5\libgcc.a(_exit.o)
 .text.libgcc.fmul
                0x00000000        0x0 d:/microchip/7.0/toolchain/avr8/avr8-gnu-toolchain/bin/../lib/gcc/avr/5.4.0/avr5\libgcc.a(_exit.o)
 .text.libgcc.fixed
                0x00000000        0x0 d:/microchip/7.0/toolchain/avr8/avr8-gnu-toolchain/bin/../lib/gcc/avr/5.4.0/avr5\libgcc.a(_exit.o)
 .text          0x00000000        0x0 d:/microchip/7.0/toolchain/avr8/avr8-gnu-toolchain/bin/../lib/gcc/avr/5.4.0/avr5\libgcc.a(_tablejump2.o)
 .data          0x00000000        0x0 d:/microchip/7.0/toolchain/avr8/avr8-gnu-toolchain/bin/../lib/gcc/avr/5.4.0/avr5\libgcc.a(_tablejump2.o)
 .bss           0x00000000        0x0 d:/microchip/7.0/toolchain/avr8/avr8-gnu-toolchain/bin/../lib/gcc/avr/5.4.0/avr5\libgcc.a(_tablejump2.o)
 .text.libgcc.mul
                0x00000000        0x0 d:/microchip/7.0/toolchain/avr8/avr8-gnu-toolchain/bin/../lib/gcc/avr/5.4.0/avr5\libgcc.a(_tablejump2.o)
 .text.libgcc.div
                0x00000000        0x0 d:/microchip/7.0/toolchain/avr8/avr8-gnu-toolchain/bin/../lib/gcc/avr/5.4.0/avr5\libgcc.a(_tablejump2.o)
 .text.libgcc   0x00000000        0xc d:/microchip/7.0/toolchain/avr8/avr8-gnu-toolchain/bin/../lib/gcc/avr/5.4.0/avr5\libgcc.a(_tablejump2.o)
 .text.libgcc.prologue
                0x00000000        0x0 d:/microchip/7.0/toolchain/avr8/avr8-gnu-toolchain/bin/../lib/gcc/avr/5.4.0/avr5\libgcc.a(_tablejump2.o)
 .text.libgcc.builtins
                0x00000000        0x0 d:/microchip/7.0/toolchain/avr8/avr8-gnu-toolchain/bin/../lib/gcc/avr/5.4.0/avr5\libgcc.a(_tablejump2.o)
 .text.libgcc.fmul
                0x00000000        0x0 d:/microchip/7.0/toolchain/avr8/avr8-gnu-toolchain/bin/../lib/gcc/avr/5.4.0/avr5\libgcc.a(_tablejump2.o)
 .text.libgcc.fixed
                0x00000000        0x0 d:/microchip/7.0/toolchain/avr8/avr8-gnu-toolchain/bin/../lib/gcc/avr/5.4.0/avr5\libgcc.a(_tablejump2.o)
 .text          0x00000000        0x0 d:/microchip/7.0/toolchain/avr8/avr8-gnu-toolchain/bin/../lib/gcc/avr/5.4.0/avr5\libgcc.a(_copy_data.o)
 .data          0x00000000        0x0 d:/microchip/7.0/toolchain/avr8/avr8-gnu-toolchain/bin/../lib/gcc/avr/5.4.0/avr5\libgcc.a(_copy_data.o)
 .bss           0x00000000        0x0 d:/microchip/7.0/toolchain/avr8/avr8-gnu-toolchain/bin/../lib/gcc/avr/5.4.0/avr5\libgcc.a(_copy_data.o)
 .text.libgcc.mul
                0x00000000        0x0 d:/microchip/7.0/toolchain/avr8/avr8-gnu-toolchain/bin/../lib/gcc/avr/5.4.0/avr5\libgcc.a(_copy_data.o)
 .text.libgcc.div
                0x00000000        0x0 d:/microchip/7.0/toolchain/avr8/avr8-gnu-toolchain/bin/../lib/gcc/avr/5.4.0/avr5\libgcc.a(_copy_data.o)
 .text.libgcc   0x00000000        0x0 d:/microchip/7.0/toolchain/avr8/avr8-gnu-toolchain/bin/../lib/gcc/avr/5.4.0/avr5\libgcc.a(_copy_data.o)
 .text.libgcc.prologue
                0x00000000        0x0 d:/microchip/7.0/toolchain/avr8/avr8-gnu-toolchain/bin/../lib/gcc/avr/5.4.0/avr5\libgcc.a(_copy_data.o)
 .text.libgcc.builtins
                0x00000000        0x0 d:/microchip/7.0/toolchain/avr8/avr8-gnu-toolchain/bin/../lib/gcc/avr/5.4.0/avr5\libgcc.a(_copy_data.o)
 .text.libgcc.fmul
                0x00000000        0x0 d:/microchip/7.0/toolchain/avr8/avr8-gnu-toolchain/bin/../lib/gcc/avr/5.4.0/avr5\libgcc.a(_copy_data.o)
 .text.libgcc.fixed
                0x00000000        0x0 d:/microchip/7.0/toolchain/avr8/avr8-gnu-toolchain/bin/../lib/gcc/avr/5.4.0/avr5\libgcc.a(_copy_data.o)
 .text          0x00000000        0x0 d:/microchip/7.0/toolchain/avr8/avr8-gnu-toolchain/bin/../lib/gcc/avr/5.4.0/avr5\libgcc.a(_clear_bss.o)
 .data          0x00000000        0x0 d:/microchip/7.0/toolchain/avr8/avr8-gnu-toolchain/bin/../lib/gcc/avr/5.4.0/avr5\libgcc.a(_clear_bss.o)
 .bss           0x00000000        0x0 d:/microchip/7.0/toolchain/avr8/avr8-gnu-toolchain/bin/../lib/gcc/avr/5.4.0/avr5\libgcc.a(_clear_bss.o)
 .text.libgcc.mul
                0x00000000        0x0 d:/microchip/7.0/toolchain/avr8/avr8-gnu-toolchain/bin/../lib/gcc/avr/5.4.0/avr5\libgcc.a(_clear_bss.o)
 .text.libgcc.div
                0x00000000        0x0 d:/microchip/7.0/toolchain/avr8/avr8-gnu-toolchain/bin/../lib/gcc/avr/5.4.0/avr5\libgcc.a(_clear_bss.o)
 .text.libgcc   0x00000000        0x0 d:/microchip/7.0/toolchain/avr8/avr8-gnu-toolchain/bin/../lib/gcc/avr/5.4.0/avr5\libgcc.a(_clear_bss.o)
 .text.libgcc.prologue
                0x00000000        0x0 d:/microchip/7.0/toolchain/avr8/avr8-gnu-toolchain/bin/../lib/gcc/avr/5.4.0/avr5\libgcc.a(_clear_bss.o)
 .text.libgcc.builtins
                0x00000000        0x0 d:/microchip/7.0/toolchain/avr8/avr8-gnu-toolchain/bin/../lib/gcc/avr/5.4.0/avr5\libgcc.a(_clear_bss.o)
 .text.libgcc.fmul
                0x00000000        0x0 d:/microchip/7.0/toolchain/avr8/avr8-gnu-toolchain/bin/../lib/gcc/avr/5.4.0/avr5\libgcc.a(_clear_bss.o)
 .text.libgcc.fixed
                0x00000000        0x0 d:/microchip/7.0/toolchain/avr8/avr8-gnu-toolchain/bin/../lib/gcc/avr/5.4.0/avr5\libgcc.a(_clear_bss.o)
 .text          0x00000000        0x0 d:/microchip/7.0/toolchain/avr8/avr8-gnu-toolchain/bin/../lib/gcc/avr/5.4.0/avr5\libgcc.a(_umulhisi3.o)
 .data          0x00000000        0x0 d:/microchip/7.0/toolchain/avr8/avr8-gnu-toolchain/bin/../lib/gcc/avr/5.4.0/avr5\libgcc.a(_umulhisi3.o)
 .bss           0x00000000        0x0 d:/microchip/7.0/toolchain/avr8/avr8-gnu-toolchain/bin/../lib/gcc/avr/5.4.0/avr5\libgcc.a(_umulhisi3.o)
 .text.libgcc.mul
                0x00000000       0x1e d:/microchip/7.0/toolchain/avr8/avr8-gnu-toolchain/bin/../lib/gcc/avr/5.4.0/avr5\libgcc.a(_umulhisi3.o)
 .text.libgcc.div
                0x00000000        0x0 d:/microchip/7.0/toolchain/avr8/avr8-gnu-toolchain/bin/../lib/gcc/avr/5.4.0/avr5\libgcc.a(_umulhisi3.o)
 .text.libgcc   0x00000000        0x0 d:/microchip/7.0/toolchain/avr8/avr8-gnu-toolchain/bin/../lib/gcc/avr/5.4.0/avr5\libgcc.a(_umulhisi3.o)
 .text.libgcc.prologue
                0x00000000        0x0 d:/microchip/7.0/toolchain/avr8/avr8-gnu-toolchain/bin/../lib/gcc/avr/5.4.0/avr5\libgcc.a(_umulhisi3.o)
 .text.libgcc.builtins
                0x00000000        0x0 d:/microchip/7.0/toolchain/avr8/avr8-gnu-toolchain/bin/../lib/gcc/avr/5.4.0/avr5\libgcc.a(_umulhisi3.o)
 .text.libgcc.fmul
                0x00000000        0x0 d:/microchip/7.0/toolchain/avr8/avr8-gnu-toolchain/bin/../lib/gcc/avr/5.4.0/avr5\libgcc.a(_umulhisi3.o)
 .text.libgcc.fixed
                0x00000000        0x0 d:/microchip/7.0/toolchain/avr8/avr8-gnu-toolchain/bin/../lib/gcc/avr/5.4.0/avr5\libgcc.a(_umulhisi3.o)

Memory Configuration

Name             Origin             Length             Attributes
text             0x00000000         0x00008000         xr
data             0x00800060         0x00000800         rw !x
eeprom           0x00810000         0x00000400         rw !x
fuse             0x00820000         0x00000002         rw !x
lock             0x00830000         0x00000400         rw !x
signature        0x00840000         0x00000400         rw !x
user_signatures  0x00850000         0x00000400         rw !x
*default*        0x00000000         0xffffffff

Linker script and memory map

LOAD D:/microchip/7.0/Packs/atmel/ATmega_DFP/1.7.374/gcc/dev/atmega32/avr5/crtatmega32.o
LOAD APP/Adc_main.o
LOAD APP/AppTestBuzzer.o
LOAD APP/App_main.o
LOAD APP/CFile1.o
LOAD APP/CFile2.o
LOAD APP/CFile3.o
LOAD APP/CFile4.o
LOAD APP/H_Bridge_DC_Motor.o
LOAD APP/Motor.o
LOAD APP/Interrupts_H.o
LOAD APP/Interrupts_main.o
LOAD APP/servo motor.o
LOAD APP/Servo_Motor.o
LOAD APP/SimpleCal_main.o
LOAD APP/TESTWDG.o
LOAD APP/Test_Timer.o
LOAD APP/Test.o
LOAD APP/uart.o
LOAD APP/_7Segment_main.o
LOAD APP/_7Seg_HW.o
LOAD HAL/Dc_Motor/DC_Motor.o
LOAD HAL/KeyPad/KeyPad.o
LOAD HAL/LCD/Lcd.o
LOAD HAL/Led_bar/ledBar.o
LOAD HAL/Led_bar/ledBar_cfg.o
LOAD HAL/PushButtonSwitch/PushButtonSwitch.o
LOAD HAL/servoMotor/servoMotor.o
LOAD HAL/SevenSegment/SevenSegment.o
LOAD HAL/Led/Led.o
LOAD MCAL/ADC/Adc.o
LOAD MCAL/Dio/Dio.o
LOAD MCAL/Exti0/Exti0.o
LOAD MCAL/Exti1/Exti1.o
LOAD MCAL/Exti2/Exti2.o
LOAD MCAL/GIE/Gie.o
LOAD MCAL/Timer0/Timer0.o
LOAD MCAL/Timer1/timer1.o
LOAD MCAL/uart/uart.o
LOAD MCAL/WDG/wdg.o
START GROUP
LOAD d:/microchip/7.0/toolchain/avr8/avr8-gnu-toolchain/bin/../lib/gcc/avr/5.4.0/../../../../avr/lib/avr5\libm.a
END GROUP
START GROUP
LOAD d:/microchip/7.0/toolchain/avr8/avr8-gnu-toolchain/bin/../lib/gcc/avr/5.4.0/avr5\libgcc.a
LOAD d:/microchip/7.0/toolchain/avr8/avr8-gnu-toolchain/bin/../lib/gcc/avr/5.4.0/../../../../avr/lib/avr5\libm.a
LOAD d:/microchip/7.0/toolchain/avr8/avr8-gnu-toolchain/bin/../lib/gcc/avr/5.4.0/../../../../avr/lib/avr5\libc.a
LOAD D:/microchip/7.0/Packs/atmel/ATmega_DFP/1.7.374/gcc/dev/atmega32/avr5\libatmega32.a
END GROUP
                0x00000000                __TEXT_REGION_ORIGIN__ = DEFINED (__TEXT_REGION_ORIGIN__)?__TEXT_REGION_ORIGIN__:0x0
                [0x00800060]                __DATA_REGION_ORIGIN__ = DEFINED (__DATA_REGION_ORIGIN__)?__DATA_REGION_ORIGIN__:0x800060
                [0x00008000]                __TEXT_REGION_LENGTH__ = DEFINED (__TEXT_REGION_LENGTH__)?__TEXT_REGION_LENGTH__:0x20000
                [0x00000800]                __DATA_REGION_LENGTH__ = DEFINED (__DATA_REGION_LENGTH__)?__DATA_REGION_LENGTH__:0xffa0
                [0x00000400]                __EEPROM_REGION_LENGTH__ = DEFINED (__EEPROM_REGION_LENGTH__)?__EEPROM_REGION_LENGTH__:0x10000
                [0x00000002]                __FUSE_REGION_LENGTH__ = DEFINED (__FUSE_REGION_LENGTH__)?__FUSE_REGION_LENGTH__:0x400
                0x00000400                __LOCK_REGION_LENGTH__ = DEFINED (__LOCK_REGION_LENGTH__)?__LOCK_REGION_LENGTH__:0x400
                0x00000400                __SIGNATURE_REGION_LENGTH__ = DEFINED (__SIGNATURE_REGION_LENGTH__)?__SIGNATURE_REGION_LENGTH__:0x400
                0x00000400                __USER_SIGNATURE_REGION_LENGTH__ = DEFINED (__USER_SIGNATURE_REGION_LENGTH__)?__USER_SIGNATURE_REGION_LENGTH__:0x400

.hash
 *(.hash)

.dynsym
 *(.dynsym)

.dynstr
 *(.dynstr)

.gnu.version
 *(.gnu.version)

.gnu.version_d
 *(.gnu.version_d)

.gnu.version_r
 *(.gnu.version_r)

.rel.init
 *(.rel.init)

.rela.init
 *(.rela.init)

.rel.text
 *(.rel.text)
 *(.rel.text.*)
 *(.rel.gnu.linkonce.t*)

.rela.text
 *(.rela.text)
 *(.rela.text.*)
 *(.rela.gnu.linkonce.t*)

.rel.fini
 *(.rel.fini)

.rela.fini
 *(.rela.fini)

.rel.rodata
 *(.rel.rodata)
 *(.rel.rodata.*)
 *(.rel.gnu.linkonce.r*)

.rela.rodata
 *(.rela.rodata)
 *(.rela.rodata.*)
 *(.rela.gnu.linkonce.r*)

.rel.data
 *(.rel.data)
 *(.rel.data.*)
 *(.rel.gnu.linkonce.d*)

.rela.data
 *(.rela.data)
 *(.rela.data.*)
 *(.rela.gnu.linkonce.d*)

.rel.ctors
 *(.rel.ctors)

.rela.ctors
 *(.rela.ctors)

.rel.dtors
 *(.rel.dtors)

.rela.dtors
 *(.rela.dtors)

.rel.got
 *(.rel.got)

.rela.got
 *(.rela.got)

.rel.bss
 *(.rel.bss)

.rela.bss
 *(.rela.bss)

.rel.plt
 *(.rel.plt)

.rela.plt
 *(.rela.plt)

.text           0x00000000      0xd56
 *(.vectors)
 .vectors       0x00000000       0x54 D:/microchip/7.0/Packs/atmel/ATmega_DFP/1.7.374/gcc/dev/atmega32/avr5/crtatmega32.o
                0x00000000                __vector_default
                0x00000000                __vectors
 *(.vectors)
 *(.progmem.gcc*)
                0x00000054                . = ALIGN (0x2)
                0x00000054                __trampolines_start = .
 *(.trampolines)
 .trampolines   0x00000054        0x0 linker stubs
 *(.trampolines*)
                0x00000054                __trampolines_end = .
 *libprintf_flt.a:*(.progmem.data)
 *libc.a:*(.progmem.data)
 *(.progmem*)
                0x00000054                . = ALIGN (0x2)
 *(.jumptables)
 *(.jumptables*)
 *(.lowtext)
 *(.lowtext*)
                0x00000054                __ctors_start = .
 *(.ctors)
                0x00000054                __ctors_end = .
                0x00000054                __dtors_start = .
 *(.dtors)
                0x00000054                __dtors_end = .
 SORT(*)(.ctors)
 SORT(*)(.dtors)
 *(.init0)
 .init0         0x00000054        0x0 D:/microchip/7.0/Packs/atmel/ATmega_DFP/1.7.374/gcc/dev/atmega32/avr5/crtatmega32.o
                0x00000054                __init
 *(.init0)
 *(.init1)
 *(.init1)
 *(.init2)
 .init2         0x00000054        0xc D:/microchip/7.0/Packs/atmel/ATmega_DFP/1.7.374/gcc/dev/atmega32/avr5/crtatmega32.o
 *(.init2)
 *(.init3)
 *(.init3)
 *(.init4)
 .init4         0x00000060       0x16 d:/microchip/7.0/toolchain/avr8/avr8-gnu-toolchain/bin/../lib/gcc/avr/5.4.0/avr5\libgcc.a(_copy_data.o)
                0x00000060                __do_copy_data
 .init4         0x00000076       0x10 d:/microchip/7.0/toolchain/avr8/avr8-gnu-toolchain/bin/../lib/gcc/avr/5.4.0/avr5\libgcc.a(_clear_bss.o)
                0x00000076                __do_clear_bss
 *(.init4)
 *(.init5)
 *(.init5)
 *(.init6)
 *(.init6)
 *(.init7)
 *(.init7)
 *(.init8)
 *(.init8)
 *(.init9)
 .init9         0x00000086        0x8 D:/microchip/7.0/Packs/atmel/ATmega_DFP/1.7.374/gcc/dev/atmega32/avr5/crtatmega32.o
 *(.init9)
 *(.text)
 .text          0x0000008e        0x4 D:/microchip/7.0/Packs/atmel/ATmega_DFP/1.7.374/gcc/dev/atmega32/avr5/crtatmega32.o
                0x0000008e                __vector_12
                0x0000008e                __bad_interrupt
                0x0000008e                __vector_6
                0x0000008e                __vector_17
                0x0000008e                __vector_19
                0x0000008e                __vector_7
                0x0000008e                __vector_5
                0x0000008e                __vector_4
                0x0000008e                __vector_9
                0x0000008e                __vector_8
                0x0000008e                __vector_14
                0x0000008e                __vector_16
                0x0000008e                __vector_18
                0x0000008e                __vector_20
                0x00000092                . = ALIGN (0x2)
 *(.text.*)
 .text.main     0x00000092      0x49e APP/_7Seg_HW.o
                0x00000092                main
 .text.Dio_voidWriteChannel
                0x00000530      0x1e6 MCAL/Dio/Dio.o
                0x00000530                Dio_voidWriteChannel
 .text.Dio_voidSetPortDirection
                0x00000716       0x74 MCAL/Dio/Dio.o
                0x00000716                Dio_voidSetPortDirection
 .text.Dio_voidWritePort
                0x0000078a       0x74 MCAL/Dio/Dio.o
                0x0000078a                Dio_voidWritePort
 .text.__vector_1
                0x000007fe       0x62 MCAL/Exti0/Exti0.o
                0x000007fe                __vector_1
 .text.__vector_2
                0x00000860       0x62 MCAL/Exti1/Exti1.o
                0x00000860                __vector_2
 .text.__vector_3
                0x000008c2       0x62 MCAL/Exti2/Exti2.o
                0x000008c2                __vector_3
 .text.__vector_11
                0x00000924       0x6e MCAL/Timer0/Timer0.o
                0x00000924                __vector_11
 .text.__vector_10
                0x00000992       0x6e MCAL/Timer0/Timer0.o
                0x00000992                __vector_10
 .text.uart_vidSendByte_asynch
                0x00000a00       0x20 MCAL/uart/uart.o
                0x00000a00                uart_vidSendByte_asynch
 .text.__vector_13
                0x00000a20       0x6e MCAL/uart/uart.o
                0x00000a20                __vector_13
 .text.__vector_15
                0x00000a8e       0x8e MCAL/uart/uart.o
                0x00000a8e                __vector_15
 .text.avr-libc.fplib
                0x00000b1c        0xa d:/microchip/7.0/toolchain/avr8/avr8-gnu-toolchain/bin/../lib/gcc/avr/5.4.0/../../../../avr/lib/avr5\libm.a(cmpsf2.o)
                0x00000b1c                __nesf2
                0x00000b1c                __eqsf2
                0x00000b1c                __cmpsf2
                0x00000b1c                __ltsf2
                0x00000b1c                __lesf2
 .text.avr-libc.fplib
                0x00000b26       0x5e d:/microchip/7.0/toolchain/avr8/avr8-gnu-toolchain/bin/../lib/gcc/avr/5.4.0/../../../../avr/lib/avr5\libm.a(fixunssfsi.o)
                0x00000b26                __fixunssfsi
 .text.avr-libc.fplib
                0x00000b84       0x48 d:/microchip/7.0/toolchain/avr8/avr8-gnu-toolchain/bin/../lib/gcc/avr/5.4.0/../../../../avr/lib/avr5\libm.a(fp_cmp.o)
                0x00000b84                __fp_cmp
 .text.avr-libc.fplib
                0x00000bcc        0xc d:/microchip/7.0/toolchain/avr8/avr8-gnu-toolchain/bin/../lib/gcc/avr/5.4.0/../../../../avr/lib/avr5\libm.a(fp_inf.o)
                0x00000bcc                __fp_inf
 .text.avr-libc.fplib
                0x00000bd8        0x6 d:/microchip/7.0/toolchain/avr8/avr8-gnu-toolchain/bin/../lib/gcc/avr/5.4.0/../../../../avr/lib/avr5\libm.a(fp_nan.o)
                0x00000bd8                __fp_nan
 .text.avr-libc.fplib
                0x00000bde        0xe d:/microchip/7.0/toolchain/avr8/avr8-gnu-toolchain/bin/../lib/gcc/avr/5.4.0/../../../../avr/lib/avr5\libm.a(fp_pscA.o)
                0x00000bde                __fp_pscA
 .text.avr-libc.fplib
                0x00000bec        0xe d:/microchip/7.0/toolchain/avr8/avr8-gnu-toolchain/bin/../lib/gcc/avr/5.4.0/../../../../avr/lib/avr5\libm.a(fp_pscB.o)
                0x00000bec                __fp_pscB
 .text.avr-libc.fplib
                0x00000bfa       0x22 d:/microchip/7.0/toolchain/avr8/avr8-gnu-toolchain/bin/../lib/gcc/avr/5.4.0/../../../../avr/lib/avr5\libm.a(fp_round.o)
                0x00000bfa                __fp_round
 .text.avr-libc.fplib
                0x00000c1c       0x44 d:/microchip/7.0/toolchain/avr8/avr8-gnu-toolchain/bin/../lib/gcc/avr/5.4.0/../../../../avr/lib/avr5\libm.a(fp_split3.o)
                0x00000c1c                __fp_split3
                0x00000c2c                __fp_splitA
 .text.avr-libc.fplib
                0x00000c60        0xe d:/microchip/7.0/toolchain/avr8/avr8-gnu-toolchain/bin/../lib/gcc/avr/5.4.0/../../../../avr/lib/avr5\libm.a(fp_zero.o)
                0x00000c60                __fp_zero
                0x00000c62                __fp_szero
 .text.avr-libc.fplib
                0x00000c6e        0xa d:/microchip/7.0/toolchain/avr8/avr8-gnu-toolchain/bin/../lib/gcc/avr/5.4.0/../../../../avr/lib/avr5\libm.a(gesf2.o)
                0x00000c6e                __gesf2
                0x00000c6e                __gtsf2
 .text.avr-libc.fplib
                0x00000c78        0x8 d:/microchip/7.0/toolchain/avr8/avr8-gnu-toolchain/bin/../lib/gcc/avr/5.4.0/../../../../avr/lib/avr5\libm.a(mulsf3.o)
                0x00000c78                __mulsf3
 .text.avr-libc.fplib
                0x00000c80       0xd2 d:/microchip/7.0/toolchain/avr8/avr8-gnu-toolchain/bin/../lib/gcc/avr/5.4.0/../../../../avr/lib/avr5\libm.a(mulsf3x.o)
                0x00000c9e                __mulsf3x
                0x00000ca4                __mulsf3_pse
                0x00000d52                . = ALIGN (0x2)
 *(.fini9)
 .fini9         0x00000d52        0x0 d:/microchip/7.0/toolchain/avr8/avr8-gnu-toolchain/bin/../lib/gcc/avr/5.4.0/avr5\libgcc.a(_exit.o)
                0x00000d52                _exit
                0x00000d52                exit
 *(.fini9)
 *(.fini8)
 *(.fini8)
 *(.fini7)
 *(.fini7)
 *(.fini6)
 *(.fini6)
 *(.fini5)
 *(.fini5)
 *(.fini4)
 *(.fini4)
 *(.fini3)
 *(.fini3)
 *(.fini2)
 *(.fini2)
 *(.fini1)
 *(.fini1)
 *(.fini0)
 .fini0         0x00000d52        0x4 d:/microchip/7.0/toolchain/avr8/avr8-gnu-toolchain/bin/../lib/gcc/avr/5.4.0/avr5\libgcc.a(_exit.o)
 *(.fini0)
                0x00000d56                _etext = .

.data           0x00800060        0x0 load address 0x00000d56
                0x00800060                PROVIDE (__data_start, .)
 *(.data)
 *(.data*)
 *(.gnu.linkonce.d*)
 *(.rodata)
 *(.rodata*)
 *(.gnu.linkonce.r*)
                0x00800060                . = ALIGN (0x2)
                0x00800060                _edata = .
                0x00800060                PROVIDE (__data_end, .)

.bss            0x00800060       0x3f
                0x00800060                PROVIDE (__bss_start, .)
 *(.bss)
 *(.bss*)
 .bss.Exti0CallBack
                0x00800060        0x2 MCAL/Exti0/Exti0.o
 .bss.Exti1CallBack
                0x00800062        0x2 MCAL/Exti1/Exti1.o
 .bss.Exti2CallBack
                0x00800064        0x2 MCAL/Exti2/Exti2.o
 .bss.ovClbkPtr
                0x00800066        0x2 MCAL/Timer0/Timer0.o
                0x00800066                ovClbkPtr
 .bss.ctcClbkPtr
                0x00800068        0x2 MCAL/Timer0/Timer0.o
                0x00800068                ctcClbkPtr
 .bss.tx_buffer_index
                0x0080006a        0x1 MCAL/uart/uart.o
                0x0080006a                tx_buffer_index
 .bss.rxcClbkPtr
                0x0080006b        0x2 MCAL/uart/uart.o
                0x0080006b                rxcClbkPtr
 *(COMMON)
 COMMON         0x0080006d       0x32 MCAL/uart/uart.o
                0x0080006d                tx_buffer
                0x0080009f                PROVIDE (__bss_end, .)
                0x00000d56                __data_load_start = LOADADDR (.data)
                0x00000d56                __data_load_end = (__data_load_start + SIZEOF (.data))

.noinit         0x0080009f        0x0
                [!provide]                PROVIDE (__noinit_start, .)
 *(.noinit*)
                [!provide]                PROVIDE (__noinit_end, .)
                0x0080009f                _end = .
                [!provide]                PROVIDE (__heap_start, .)

.eeprom         0x00810000        0x0
 *(.eeprom*)
                0x00810000                __eeprom_end = .

.fuse
 *(.fuse)
 *(.lfuse)
 *(.hfuse)
 *(.efuse)

.lock
 *(.lock*)

.signature
 *(.signature*)

.user_signatures
 *(.user_signatures*)

.stab
 *(.stab)

.stabstr
 *(.stabstr)

.stab.excl
 *(.stab.excl)

.stab.exclstr
 *(.stab.exclstr)

.stab.index
 *(.stab.index)

.stab.indexstr
 *(.stab.indexstr)

.comment        0x00000000       0x30
 *(.comment)
 .comment       0x00000000       0x30 APP/_7Seg_HW.o
                                 0x31 (size before relaxing)
 .comment       0x00000030       0x31 MCAL/Dio/Dio.o
 .comment       0x00000030       0x31 MCAL/Exti0/Exti0.o
 .comment       0x00000030       0x31 MCAL/Exti1/Exti1.o
 .comment       0x00000030       0x31 MCAL/Exti2/Exti2.o
 .comment       0x00000030       0x31 MCAL/Timer0/Timer0.o
 .comment       0x00000030       0x31 MCAL/uart/uart.o

.note.gnu.avr.deviceinfo
                0x00000000       0x3c
 .note.gnu.avr.deviceinfo
                0x00000000       0x3c D:/microchip/7.0/Packs/atmel/ATmega_DFP/1.7.374/gcc/dev/atmega32/avr5/crtatmega32.o

.note.gnu.build-id
 *(.note.gnu.build-id)

.debug
 *(.debug)

.line
 *(.line)

.debug_srcinfo
 *(.debug_srcinfo)

.debug_sfnames
 *(.debug_sfnames)

.debug_aranges  0x00000000      0x260
 *(.debug_aranges)
 .debug_aranges
                0x00000000       0x20 APP/_7Seg_HW.o
 .debug_aranges
                0x00000020       0x48 MCAL/Dio/Dio.o
 .debug_aranges
                0x00000068       0x40 MCAL/Exti0/Exti0.o
 .debug_aranges
                0x000000a8       0x40 MCAL/Exti1/Exti1.o
 .debug_aranges
                0x000000e8       0x40 MCAL/Exti2/Exti2.o
 .debug_aranges
                0x00000128       0xa8 MCAL/Timer0/Timer0.o
 .debug_aranges
                0x000001d0       0x90 MCAL/uart/uart.o

.debug_pubnames
 *(.debug_pubnames)

.debug_info     0x00000000     0x135d
 *(.debug_info .gnu.linkonce.wi.*)
 .debug_info    0x00000000      0x4e6 D:/microchip/7.0/Packs/atmel/ATmega_DFP/1.7.374/gcc/dev/atmega32/avr5/crtatmega32.o
 .debug_info    0x000004e6      0x29d APP/_7Seg_HW.o
 .debug_info    0x00000783      0x1f5 MCAL/Dio/Dio.o
 .debug_info    0x00000978      0x11a MCAL/Exti0/Exti0.o
 .debug_info    0x00000a92      0x11a MCAL/Exti1/Exti1.o
 .debug_info    0x00000bac      0x11a MCAL/Exti2/Exti2.o
 .debug_info    0x00000cc6      0x319 MCAL/Timer0/Timer0.o
 .debug_info    0x00000fdf      0x37e MCAL/uart/uart.o

.debug_abbrev   0x00000000      0xa22
 *(.debug_abbrev)
 .debug_abbrev  0x00000000      0x4a3 D:/microchip/7.0/Packs/atmel/ATmega_DFP/1.7.374/gcc/dev/atmega32/avr5/crtatmega32.o
 .debug_abbrev  0x000004a3       0xb7 APP/_7Seg_HW.o
 .debug_abbrev  0x0000055a       0x9a MCAL/Dio/Dio.o
 .debug_abbrev  0x000005f4       0xa6 MCAL/Exti0/Exti0.o
 .debug_abbrev  0x0000069a       0xa6 MCAL/Exti1/Exti1.o
 .debug_abbrev  0x00000740       0xa6 MCAL/Exti2/Exti2.o
 .debug_abbrev  0x000007e6      0x105 MCAL/Timer0/Timer0.o
 .debug_abbrev  0x000008eb      0x137 MCAL/uart/uart.o

.debug_line     0x00000000      0xf98
 *(.debug_line .debug_line.* .debug_line_end)
 .debug_line    0x00000000      0x116 D:/microchip/7.0/Packs/atmel/ATmega_DFP/1.7.374/gcc/dev/atmega32/avr5/crtatmega32.o
 .debug_line    0x00000116      0x338 APP/_7Seg_HW.o
 .debug_line    0x0000044e      0x2c2 MCAL/Dio/Dio.o
 .debug_line    0x00000710       0xf8 MCAL/Exti0/Exti0.o
 .debug_line    0x00000808       0xf8 MCAL/Exti1/Exti1.o
 .debug_line    0x00000900       0xf8 MCAL/Exti2/Exti2.o
 .debug_line    0x000009f8      0x299 MCAL/Timer0/Timer0.o
 .debug_line    0x00000c91      0x307 MCAL/uart/uart.o

.debug_frame    0x00000000      0x954
 *(.debug_frame)
 .debug_frame   0x00000000       0x34 APP/_7Seg_HW.o
 .debug_frame   0x00000034       0xd4 MCAL/Dio/Dio.o
 .debug_frame   0x00000108       0xf8 MCAL/Exti0/Exti0.o
 .debug_frame   0x00000200       0xf8 MCAL/Exti1/Exti1.o
 .debug_frame   0x000002f8       0xf8 MCAL/Exti2/Exti2.o
 .debug_frame   0x000003f0      0x2dc MCAL/Timer0/Timer0.o
 .debug_frame   0x000006cc      0x288 MCAL/uart/uart.o

.debug_str      0x00000000      0x8e0
 *(.debug_str)
 .debug_str     0x00000000      0x196 D:/microchip/7.0/Packs/atmel/ATmega_DFP/1.7.374/gcc/dev/atmega32/avr5/crtatmega32.o
 .debug_str     0x00000196      0x1b7 APP/_7Seg_HW.o
                                0x1f7 (size before relaxing)
 .debug_str     0x0000034d       0xac MCAL/Dio/Dio.o
                                0x24e (size before relaxing)
 .debug_str     0x000003f9       0x89 MCAL/Exti0/Exti0.o
                                0x21b (size before relaxing)
 .debug_str     0x00000482       0x89 MCAL/Exti1/Exti1.o
                                0x21b (size before relaxing)
 .debug_str     0x0000050b       0x89 MCAL/Exti2/Exti2.o
                                0x21b (size before relaxing)
 .debug_str     0x00000594      0x1a6 MCAL/Timer0/Timer0.o
                                0x34a (size before relaxing)
 .debug_str     0x0000073a      0x1a6 MCAL/uart/uart.o
                                0x34a (size before relaxing)

.debug_loc      0x00000000     0x1346
 *(.debug_loc)
 .debug_loc     0x00000000       0x47 APP/_7Seg_HW.o
 .debug_loc     0x00000047      0x1b0 MCAL/Dio/Dio.o
 .debug_loc     0x000001f7      0x1ea MCAL/Exti0/Exti0.o
 .debug_loc     0x000003e1      0x1ea MCAL/Exti1/Exti1.o
 .debug_loc     0x000005cb      0x1ea MCAL/Exti2/Exti2.o
 .debug_loc     0x000007b5      0x5fa MCAL/Timer0/Timer0.o
 .debug_loc     0x00000daf      0x597 MCAL/uart/uart.o

.debug_macinfo
 *(.debug_macinfo)

.debug_weaknames
 *(.debug_weaknames)

.debug_funcnames
 *(.debug_funcnames)

.debug_typenames
 *(.debug_typenames)

.debug_varnames
 *(.debug_varnames)

.debug_pubtypes
 *(.debug_pubtypes)

.debug_ranges   0x00000000      0x1f0
 *(.debug_ranges)
 .debug_ranges  0x00000000       0x10 APP/_7Seg_HW.o
 .debug_ranges  0x00000010       0x38 MCAL/Dio/Dio.o
 .debug_ranges  0x00000048       0x30 MCAL/Exti0/Exti0.o
 .debug_ranges  0x00000078       0x30 MCAL/Exti1/Exti1.o
 .debug_ranges  0x000000a8       0x30 MCAL/Exti2/Exti2.o
 .debug_ranges  0x000000d8       0x98 MCAL/Timer0/Timer0.o
 .debug_ranges  0x00000170       0x80 MCAL/uart/uart.o

.debug_macro
 *(.debug_macro)
OUTPUT(SwComponent.elf elf32-avr)
LOAD linker stubs
